A51 MACRO ASSEMBLER  BLINKLED                                                             08/20/2019 14:13:59 PAGE     1


MACRO ASSEMBLER A51 V8.2.7.0
OBJECT MODULE PLACED IN .\Objects\BlinkLED.obj
ASSEMBLER INVOKED BY: C:\Keil_v5\C51\BIN\A51.EXE ..\Codes\BlinkLED.asm SET(SMALL) DEBUG PRINT(.\Listings\BlinkLED.lst) O
                      BJECT(.\Objects\BlinkLED.obj) EP

LOC  OBJ            LINE     SOURCE

  0090                 1     LED equ P1
0000                   2     org  0x00
0000 020061            3     ljmp MAIN
0050                   4     org  0x50
                       5     
0050                   6     DELAY_SP:                                       ; Delays for D/2 seconds
0050 A84F              7                     mov  R0,  0x4F
0052 7B0A              8     BACK1:  mov  R3, #0x0A
0054 7AC8              9     BACK2:  mov  R2, #200
0056 79FF             10     BACK3:  mov  R1, #0x0FF
0058 D9FE             11     BACK4:  djnz R1, BACK4
005A DAFA             12                     djnz R2, BACK3
005C DBF6             13                     djnz R3, BACK2
005E D8F2             14                     djnz R0, BACK1
0060 22               15     RET
                      16     
0061                  17     MAIN:
0061 759000           18                     mov   LED, #0x00        ; Makes P1 output port
0064 7480             19                     mov   A,   #0x80        ; 0b10000000 C
0066 7D00             20                     mov   R5,  #0x00
0068 F590             21     BACK:   mov   LED, A
006A 120050           22                     lcall DELAY_SP
006D 33               23                     rlc   A                         ; 0b0000000C 1
006E B3               24                     cpl   C                         ; 0b0C00000C 0
006F 13               25                     rrc   A                         ; 0b00000000 C
0070 0D               26                     inc   R5
0071 80F5             27                     sjmp  BACK
                      28     END
A51 MACRO ASSEMBLER  BLINKLED                                                             08/20/2019 14:13:59 PAGE     2

SYMBOL TABLE LISTING
------ ----- -------


N A M E             T Y P E  V A L U E   ATTRIBUTES

BACK . . . . . . .  C ADDR   0068H   A   
BACK1. . . . . . .  C ADDR   0052H   A   
BACK2. . . . . . .  C ADDR   0054H   A   
BACK3. . . . . . .  C ADDR   0056H   A   
BACK4. . . . . . .  C ADDR   0058H   A   
DELAY_SP . . . . .  C ADDR   0050H   A   
LED. . . . . . . .  D ADDR   0090H   A   
MAIN . . . . . . .  C ADDR   0061H   A   
P1 . . . . . . . .  D ADDR   0090H   A   


REGISTER BANK(S) USED: 0 


ASSEMBLY COMPLETE.  0 WARNING(S), 0 ERROR(S)
