A51 MACRO ASSEMBLER  CHECKSUM                                                             08/13/2019 14:51:17 PAGE     1


MACRO ASSEMBLER A51 V8.2.7.0
OBJECT MODULE PLACED IN .\Objects\CheckSum.obj
ASSEMBLER INVOKED BY: C:\Keil_v5\C51\BIN\A51.EXE ..\Codes\CheckSum.asm SET(SMALL) DEBUG PRINT(.\Listings\CheckSum.lst) O
                      BJECT(.\Objects\CheckSum.obj) EP

LOC  OBJ            LINE     SOURCE

0000                   1     ORG 00H
0000 020200            2     LJMP MAIN
0050                   3     ORG 50H
                       4     
0050                   5     INIT:
0050 E4                6             clr A
0051 7801              7             mov R0, #0x01
0053 7940              8             mov R1, #0x40
                       9             
0055                  10             CP1:
0055 E8               11             mov A,   R0
0056 F7               12             mov @R1, A
0057 E9               13             mov A,   R1
0058 2401             14             add A,   #0x01
005A F9               15             mov R1,  A
005B E8               16             mov A,   R0
005C 2401             17             add A,   #0x01
005E F8               18             mov R0,  A
005F B429F3           19             cjne A,  #41, CP1
0062 22               20     RET
                      21     
0063                  22     ADD_40:
0063 7840             23             mov  R0,  #0x40
0065 7A00             24             mov  R2,  #0x00
                      25             
0067                  26             CP2:
0067 E6               27             mov  A,   @R0
0068 2A               28             add  A,   R2
0069 FA               29             mov  R2,  A
006A E8               30             mov  A,   R0
006B 2401             31             add  A,   #0x01
006D F8               32             mov  R0,  A
006E B468F6           33             cjne A,   #0x68, CP2
                      34             
0071 8A68             35             mov  0x68, R2
0073 22               36     RET
                      37             
0074                  38     TWOS_COMP:
0074 E568             39             mov  A,   0x68
0076 F4               40             cpl  A
0077 2401             41             add  A,   #0x01
0079 F568             42             mov  0x68, A    
007B 22               43     RET
                      44     
007C                  45     ADD_41:
007C 7840             46         mov  R0,  #0x40
007E 7A00             47             mov  R2,  #0x00
                      48             
0080                  49             CP3:
0080 E6               50             mov  A,   @R0
0081 2A               51             add  A,   R2
0082 FA               52             mov  R2,  A
0083 E8               53             mov  A,   R0
0084 2401             54             add  A,   #0x01
0086 F8               55             mov  R0,  A
0087 B469F6           56             cjne A,   #0x69, CP3
                      57             
A51 MACRO ASSEMBLER  CHECKSUM                                                             08/13/2019 14:51:17 PAGE     2

008A 8A69             58             mov  0x69, R2
008C 22               59     RET
                      60     
0200                  61     ORG 0200H
0200                  62     MAIN:
0200 1150             63             ACALL INIT
0202 1163             64             ACALL ADD_40
0204 1174             65             ACALL TWOS_COMP
0206 117C             66             ACALL ADD_41
0208 80FE             67             HERE:SJMP HERE
                      68     END
                             
                             
                             
A51 MACRO ASSEMBLER  CHECKSUM                                                             08/13/2019 14:51:17 PAGE     3

SYMBOL TABLE LISTING
------ ----- -------


N A M E             T Y P E  V A L U E   ATTRIBUTES

ADD_40 . . . . . .  C ADDR   0063H   A   
ADD_41 . . . . . .  C ADDR   007CH   A   
CP1. . . . . . . .  C ADDR   0055H   A   
CP2. . . . . . . .  C ADDR   0067H   A   
CP3. . . . . . . .  C ADDR   0080H   A   
HERE . . . . . . .  C ADDR   0208H   A   
INIT . . . . . . .  C ADDR   0050H   A   
MAIN . . . . . . .  C ADDR   0200H   A   
TWOS_COMP. . . . .  C ADDR   0074H   A   


REGISTER BANK(S) USED: 0 


ASSEMBLY COMPLETE.  0 WARNING(S), 0 ERROR(S)
