C51 COMPILER V9.60.0.0   DAC_SINEWAVE                                                      11/02/2019 16:02:34 PAGE 1   


C51 COMPILER V9.60.0.0, COMPILATION OF MODULE DAC_SINEWAVE
OBJECT MODULE PLACED IN .\Objects\DAC_SineWave.obj
COMPILER INVOKED BY: C:\Keil_v5\C51\BIN\C51.EXE ..\Codes\Q3\DAC_SineWave.c OPTIMIZE(8,SPEED) BROWSE DEBUG OBJECTEXTEND P
                    -RINT(.\Listings\DAC_SineWave.lst) TABS(2) OBJECT(.\Objects\DAC_SineWave.obj)

line level    source

   1          // Quiz 3 Part 1
   2          
   3          #include <at89c5131.h>
   4          #include "TLV5616_Header.h"             
   5          // #include "TLV1543_Header.h"              
   6          // #include "filters.h"                               
   7          
   8          unsigned int count = 0;
   9          int lookup[32] = {0x00, 0x18, 0x30, 0x46, 0x5a, 0x6a, 0x75, 0x7d, 0x7f, 0x7d, 0x75, 0x6a, 0x5a, 0x46, 0x30
             -, 0x18, 0x00, 0xe7, 0xcf, 0xb9, 0xa5, 0x95, 0x8a, 0x82, 0x80, 0x82, 0x8a, 0x95, 0xa5, 0xb9, 0xcf, 0xe7};
  10          unsigned char value = 0;
  11          void msdelay(unsigned int);
  12          void timer_ISR(void);
  13          
  14          void main(void)
  15          {
  16   1        unsigned int adc_data = 0, dac_data = 0;
  17   1        spi_init();
  18   1        // adc_init();
  19   1        dac_init();
  20   1        
  21   1        TMOD  = 0x20;
  22   1        EA    = 1;
  23   1        ET0   = 1;
  24   1        TR0   = 1;
  25   1        while(1)
  26   1        {
  27   2          dac(value);
  28   2          P1    &=  0x7F;
  29   2          // TH0    =   -80;
  30   2        }
  31   1        
  32   1      }
  33          
  34          void msdelay(unsigned int time)
  35          {
  36   1        int i, j;
  37   1        for(i=0; i<time; i++)
  38   1        {
  39   2          for(j=0;j<382;j++);
  40   2        }
  41   1      }
  42          
  43          void timer_ISR(void) interrupt 1
  44          {
  45   1        count++;
  46   1        if(count == 32)
  47   1        {
  48   2          count = 0;
  49   2        }
  50   1        value = lookup[count] + 128;
  51   1        // dac(value);
  52   1        TH0   = -80;
  53   1        TR0   = 1;
C51 COMPILER V9.60.0.0   DAC_SINEWAVE                                                      11/02/2019 16:02:34 PAGE 2   

  54   1        TF0   = 0;
  55   1      }


MODULE INFORMATION:   STATIC OVERLAYABLE
   CODE SIZE        =    225    ----
   CONSTANT SIZE    =   ----    ----
   XDATA SIZE       =   ----    ----
   PDATA SIZE       =   ----    ----
   DATA SIZE        =     68       4
   IDATA SIZE       =   ----    ----
   BIT SIZE         =      1    ----
END OF MODULE INFORMATION.


C51 COMPILATION COMPLETE.  0 WARNING(S),  0 ERROR(S)
