C51 COMPILER V9.60.0.0   DAC_SINE250HZ                                                     11/02/2019 16:41:24 PAGE 1   


C51 COMPILER V9.60.0.0, COMPILATION OF MODULE DAC_SINE250HZ
OBJECT MODULE PLACED IN .\Objects\DAC_Sine250Hz.obj
COMPILER INVOKED BY: C:\Keil_v5\C51\BIN\C51.EXE ..\Codes\Q3\DAC_Sine250Hz.c OPTIMIZE(8,SPEED) BROWSE DEBUG OBJECTEXTEND 
                    -PRINT(.\Listings\DAC_Sine250Hz.lst) TABS(2) OBJECT(.\Objects\DAC_Sine250Hz.obj)

line level    source

   1          // Quiz 3 Part 1
   2          
   3          #include <at89c5131.h>
   4          #include "TLV5616_Header.h"             
   5          // #include "TLV1543_Header.h"              
   6          // #include "filters.h"                               
   7          
   8          unsigned int count = 0;
   9          int lookup[32] = {0x00, 0x18, 0x30, 0x46, 0x5a, 0x6a, 0x75, 0x7d, 0x7f, 0x7d, 0x75, 0x6a, 0x5a, 0x46, 0x30
             -, 0x18, 0x00, 0xe7, 0xcf, 0xb9, 0xa5, 0x95, 0x8a, 0x82, 0x80, 0x82, 0x8a, 0x95, 0xa5, 0xb9, 0xcf, 0xe7};
  10          unsigned int value = 0;
  11          void msdelay(unsigned int);
  12          void timer_ISR(void);
  13          
  14          void main(void)
  15          {
  16   1        unsigned int adc_data = 0, dac_data = 0;
  17   1        spi_init();
  18   1        // adc_init();
  19   1        dac_init();
  20   1        
  21   1        TMOD  = 0x22;
  22   1        TH0   =   -8;
  23   1        ET0   = 1;
  24   1        TR0   = 1;
  25   1        while(1)
  26   1        {
  27   2          //dac(value);
  28   2          // P1   &=  0x7F;
  29   2          
  30   2        }
  31   1        
  32   1      }
  33          
  34          void msdelay(unsigned int time)
  35          {
  36   1        int i, j;
  37   1        for(i=0; i<time; i++)
  38   1        {
  39   2          for(j=0;j<382;j++);
  40   2        }
  41   1      }
  42          
  43          void timer_ISR(void) interrupt 1
  44          {
  45   1        TR0   = 0;
  46   1        count++;
  47   1        if(count == 32)
  48   1        {
  49   2          count = 0;
  50   2        }
  51   1        value = (unsigned int) (lookup[count] + 128);
  52   1        P2 = (lookup[count] + 128) ;
  53   1      
C51 COMPILER V9.60.0.0   DAC_SINE250HZ                                                     11/02/2019 16:41:24 PAGE 2   

  54   1        value = value<<4;
  55   1          value= value && 0x0fff ;
  56   1        
  57   1        dac(value);
  58   1        TH0   = -8;
  59   1        TR0   = 1;
  60   1        TF0   = 0;
  61   1      }


MODULE INFORMATION:   STATIC OVERLAYABLE
   CODE SIZE        =    292    ----
   CONSTANT SIZE    =   ----    ----
   XDATA SIZE       =   ----    ----
   PDATA SIZE       =   ----    ----
   DATA SIZE        =     69       4
   IDATA SIZE       =   ----    ----
   BIT SIZE         =      1    ----
END OF MODULE INFORMATION.


C51 COMPILATION COMPLETE.  0 WARNING(S),  0 ERROR(S)
