A51 MACRO ASSEMBLER  DEBUGIT                                                              09/07/2019 10:23:44 PAGE     1


MACRO ASSEMBLER A51 V8.2.7.0
OBJECT MODULE PLACED IN .\Objects\DebugIt.obj
ASSEMBLER INVOKED BY: C:\Keil_v5\C51\BIN\A51.EXE ..\Codes\DebugIt.asm SET(SMALL) DEBUG PRINT(.\Listings\DebugIt.lst) OBJ
                      ECT(.\Objects\DebugIt.obj) EP

LOC  OBJ            LINE     SOURCE

0000                   1     org 0H
0000 020100            2     ljmp main
                       3     
0100                   4     org 100H
0100                   5     main:
0100 7A01              6                     mov r2, #1          
0102 A950              7                     mov r1, 50H                     ;was #50h instead of 50h
0104 A851              8                     mov r0, 51H                     ;was #51h instead of 51h, r3 instead of r0
0106 E550              9                     mov a,  50H
0108 6009             10                     jz here
                      11     
010A EA               12     loop:   mov a, r2                       ;was #0h instead of r2
010B 8AF0             13                     mov b, r2
010D A4               14                     mul ab                          
010E F6               15                     mov @r0,a                       ;was r3 instead of @r0
010F 08               16                     inc r0                          ;was r3 instead of r0
0110 0A               17                     inc r2                          
0111 D9F7             18                     djnz r1, loop           
0113 80FE             19     here: sjmp here        
                      20     
                      21     end
A51 MACRO ASSEMBLER  DEBUGIT                                                              09/07/2019 10:23:44 PAGE     2

SYMBOL TABLE LISTING
------ ----- -------


N A M E             T Y P E  V A L U E   ATTRIBUTES

B. . . . . . . . .  D ADDR   00F0H   A   
HERE . . . . . . .  C ADDR   0113H   A   
LOOP . . . . . . .  C ADDR   010AH   A   
MAIN . . . . . . .  C ADDR   0100H   A   


REGISTER BANK(S) USED: 0 


ASSEMBLY COMPLETE.  0 WARNING(S), 0 ERROR(S)
