A51 MACRO ASSEMBLER  EIGHTBITADDER                                                        08/13/2019 14:53:26 PAGE     1


MACRO ASSEMBLER A51 V8.2.7.0
OBJECT MODULE PLACED IN .\Objects\EightBitAdder.obj
ASSEMBLER INVOKED BY: C:\Keil_v5\C51\BIN\A51.EXE ..\Codes\EightBitAdder.asm SET(SMALL) DEBUG PRINT(.\Listings\EightBitAd
                      der.lst) OBJECT(.\Objects\EightBitAdder.obj) EP

LOC  OBJ            LINE     SOURCE

0000                   1     org  0h
0000 020100            2     ljmp main
0100                   3     org  100h
0100                   4     main:
0100 E550              5     mov  A,   50h
0102 2560              6     add  A,   60h
0104 F570              7     mov  70h, A
0106 7400              8     mov  A,   #0
0108 3400              9     addc A,   #0
010A F571             10     mov  71h, A
                      11     
010C 80FE             12     here: sjmp here
                      13     end
A51 MACRO ASSEMBLER  EIGHTBITADDER                                                        08/13/2019 14:53:26 PAGE     2

SYMBOL TABLE LISTING
------ ----- -------


N A M E             T Y P E  V A L U E   ATTRIBUTES

HERE . . . . . . .  C ADDR   010CH   A   
MAIN . . . . . . .  C ADDR   0100H   A   


REGISTER BANK(S) USED: 0 


ASSEMBLY COMPLETE.  0 WARNING(S), 0 ERROR(S)
