A51 MACRO ASSEMBLER  MEMCPY                                                               08/20/2019 15:26:54 PAGE     1


MACRO ASSEMBLER A51 V8.2.7.0
OBJECT MODULE PLACED IN .\Objects\MemCpy.obj
ASSEMBLER INVOKED BY: C:\Keil_v5\C51\BIN\A51.EXE ..\Codes\MemCpy.asm SET(SMALL) DEBUG PRINT(.\Listings\MemCpy.lst) OBJEC
                      T(.\Objects\MemCpy.obj) EP

LOC  OBJ            LINE     SOURCE

0000                   1     org 0000h
0000 02008B            2     ljmp main
0050                   3     org 0050h
                       4     
0050                   5     memcpy:
0050 A851              6                     mov  R0, 0x51
0052 A952              7                     mov  R1, 0x52
0054 AA50              8                     mov  R2, 0x50
                       9                     
0056 E6               10     CP1:    mov  A, @R0
0057 F7               11                     mov @R1, A
0058 08               12                     inc  R0
0059 09               13                     inc  R1
005A DAFA             14                     djnz R2, CP1
005C 22               15     ret
                      16     
005D                  17     init:
005D 75500A           18                     mov 0x50, #0x0A
0060 755160           19                     mov 0x51, #0x60
0063 755270           20                     mov 0x52, #0x70
                      21                     
0066 756074           22                     mov 0x60, #0x74
0069 75614A           23                     mov 0x61, #0x4A
006C 756257           24                     mov 0x62, #0x57
006F 756374           25                     mov 0x63, #0x74
0072 756447           26                     mov 0x64, #0x47
0075 7565CD           27                     mov 0x65, #0xCD
0078 75667E           28                     mov 0x66, #0x7E
007B 756769           29                     mov 0x67, #0x69
007E 756813           30                     mov 0x68, #0x13
0081 756950           31                     mov 0x69, #0x50
0084 756A16           32                     mov 0x6A, #0x16
0087 756B2F           33                     mov 0x6B, #0x2F
008A 22               34     ret
                      35     
008B 12005D           36     main:   lcall init
008E 120050           37                     lcall memcpy
0091 80FE             38     here:   sjmp  here
                      39     end
A51 MACRO ASSEMBLER  MEMCPY                                                               08/20/2019 15:26:54 PAGE     2

SYMBOL TABLE LISTING
------ ----- -------


N A M E             T Y P E  V A L U E   ATTRIBUTES

CP1. . . . . . . .  C ADDR   0056H   A   
HERE . . . . . . .  C ADDR   0091H   A   
INIT . . . . . . .  C ADDR   005DH   A   
MAIN . . . . . . .  C ADDR   008BH   A   
MEMCPY . . . . . .  C ADDR   0050H   A   


REGISTER BANK(S) USED: 0 


ASSEMBLY COMPLETE.  0 WARNING(S), 0 ERROR(S)
