A51 MACRO ASSEMBLER  SIXTEENBITADDER                                                      08/13/2019 14:57:56 PAGE     1


MACRO ASSEMBLER A51 V8.2.7.0
OBJECT MODULE PLACED IN .\Objects\SixteenBitAdder.obj
ASSEMBLER INVOKED BY: C:\Keil_v5\C51\BIN\A51.EXE ..\Codes\SixteenBitAdder.asm SET(SMALL) DEBUG PRINT(.\Listings\SixteenB
                      itAdder.lst) OBJECT(.\Objects\SixteenBitAdder.obj) EP

LOC  OBJ            LINE     SOURCE

0000                   1     ORG  0H
0000 020200            2     LJMP MAIN
0050                   3     ORG  50H
0050                   4     ADDER_16BIT:
0050 E561              5             mov  A,   61h   
0052 2571              6             add  A,   71h
0054 F564              7             mov  64h, A
0056 E560              8             mov  A,   60h
0058 3570              9             addc A,   70h
005A F563             10             mov  63h, A
005C 7400             11             mov  A,   #0x00
005E 3400             12             addc A,   #0x00
0060 F8               13             mov  R0,  A
                      14             
0061 E560             15             mov  A,   60h
0063 23               16             rl   A
0064 5401             17             anl  A,   #0x01
0066 75F0FF           18             mov  B,   #0xFF
0069 A4               19             mul  AB
006A F9               20             mov  R1,  A
006B E570             21             mov  A,   70h
006D 23               22             rl   A
006E 5401             23             anl  A,   #0x01
0070 75F0FF           24             mov  B,   #0xFF
0073 A4               25             mul  AB
                      26             
0074 29               27             add  A,   R1
0075 28               28             add  A,   R0
0076 5401             29             anl  A,   #0x01
0078 F562             30             mov  62h, A
007A 22               31     RET
                      32     
007B                  33     INIT:
007B 7560FE           34             mov 60h, #0xFE
007E 7561BE           35             mov 61h, #0xBE
0081 7570FF           36             mov 70h, #0xFF
0084 7571FF           37             mov 71h, #0xFF
0087 22               38     RET
                      39     
0088                  40     CLR_DATA:
0088 7840             41             mov R0,  #0x40
008A                  42             repeat_CP:
008A 7600             43             mov @R0, #0x00
008C E8               44             mov A,   R0
008D 2401             45             add A,   #0x01
008F F8               46             mov R0,  A
0090 B8FFF7           47             cjne R0, #0xFF, repeat_CP
0093 22               48     RET
                      49     
0200                  50     ORG 0200H
0200                  51     MAIN:
0200 117B             52             ACALL INIT
0202 1150             53             ACALL ADDER_16BIT
                      54             
0204 80FE             55      HERE:SJMP HERE
                      56     END
A51 MACRO ASSEMBLER  SIXTEENBITADDER                                                      08/13/2019 14:57:56 PAGE     2

SYMBOL TABLE LISTING
------ ----- -------


N A M E             T Y P E  V A L U E   ATTRIBUTES

ADDER_16BIT. . . .  C ADDR   0050H   A   
B. . . . . . . . .  D ADDR   00F0H   A   
CLR_DATA . . . . .  C ADDR   0088H   A   
HERE . . . . . . .  C ADDR   0204H   A   
INIT . . . . . . .  C ADDR   007BH   A   
MAIN . . . . . . .  C ADDR   0200H   A   
REPEAT_CP. . . . .  C ADDR   008AH   A   


REGISTER BANK(S) USED: 0 


ASSEMBLY COMPLETE.  0 WARNING(S), 0 ERROR(S)
